#! /usr/bin/vvp
:ivl_version "12.0 (stable)";
:ivl_delay_selection "TYPICAL";
:vpi_time_precision - 12;
:vpi_module "/usr/lib/x86_64-linux-gnu/ivl/system.vpi";
:vpi_module "/usr/lib/x86_64-linux-gnu/ivl/vhdl_sys.vpi";
:vpi_module "/usr/lib/x86_64-linux-gnu/ivl/vhdl_textio.vpi";
:vpi_module "/usr/lib/x86_64-linux-gnu/ivl/v2005_math.vpi";
:vpi_module "/usr/lib/x86_64-linux-gnu/ivl/va_math.vpi";
S_0x562e6b19e010 .scope module, "tb_ntt_top" "tb_ntt_top" 2 3;
 .timescale -9 -12;
v0x562e6b1c2ed0_0 .var "clk", 0 0;
v0x562e6b1c2f90_0 .var "data_in", 11 0;
v0x562e6b1c3050_0 .net "data_out", 11 0, L_0x562e6b1d7290;  1 drivers
v0x562e6b1c3150_0 .net "done", 0 0, v0x562e6b1c0680_0;  1 drivers
v0x562e6b1c31f0_0 .var "mode", 0 0;
v0x562e6b1c3330_0 .var "rst_n", 0 0;
v0x562e6b1c33d0_0 .var "start", 0 0;
E_0x562e6b1771d0 .event anyedge, v0x562e6b1c0680_0;
E_0x562e6b179530 .event posedge, v0x562e6b1b9840_0;
S_0x562e6b19aaf0 .scope module, "dut" "ntt_top" 2 13, 3 3 0, S_0x562e6b19e010;
 .timescale 0 0;
    .port_info 0 /INPUT 1 "clk";
    .port_info 1 /INPUT 1 "rst_n";
    .port_info 2 /INPUT 1 "start";
    .port_info 3 /INPUT 1 "mode";
    .port_info 4 /INPUT 12 "data_in";
    .port_info 5 /OUTPUT 12 "data_out";
    .port_info 6 /OUTPUT 1 "done";
L_0x562e6b1d7290 .functor BUFZ 12, L_0x562e6b1d8280, C4<000000000000>, C4<000000000000>, C4<000000000000>;
v0x562e6b1c22d0_0 .net "clk", 0 0, v0x562e6b1c2ed0_0;  1 drivers
v0x562e6b1c2390_0 .net "ctrl_d", 1 0, v0x562e6b1c04c0_0;  1 drivers
v0x562e6b1c2450_0 .net "current_stage", 2 0, v0x562e6b1c05a0_0;  1 drivers
v0x562e6b1c24f0_0 .net "data_in", 11 0, v0x562e6b1c2f90_0;  1 drivers
v0x562e6b1c2590_0 .net "data_out", 11 0, L_0x562e6b1d7290;  alias, 1 drivers
v0x562e6b1c26c0_0 .net "done", 0 0, v0x562e6b1c0680_0;  alias, 1 drivers
v0x562e6b1c2760_0 .net "mode", 0 0, v0x562e6b1c31f0_0;  1 drivers
v0x562e6b1c2800_0 .net "out_y0", 11 0, L_0x562e6b1d8150;  1 drivers
v0x562e6b1c28f0_0 .net "out_y1", 11 0, L_0x562e6b1d8280;  1 drivers
v0x562e6b1c2a20_0 .net "reorder_out", 11 0, v0x562e6b1c1870_0;  1 drivers
v0x562e6b1c2ae0_0 .net "rst_n", 0 0, v0x562e6b1c3330_0;  1 drivers
v0x562e6b1c2c10_0 .net "start", 0 0, v0x562e6b1c33d0_0;  1 drivers
v0x562e6b1c2cb0_0 .net "twiddle_addr", 6 0, L_0x562e6b1c36b0;  1 drivers
v0x562e6b1c2d50_0 .net "twiddle_data", 11 0, L_0x562e6b19ba30;  1 drivers
L_0x562e6b1d8710 .reduce/nor v0x562e6b1c0680_0;
S_0x562e6b149fa0 .scope module, "u_butterfly" "single_butterfly" 3 33, 4 12 0, S_0x562e6b19aaf0;
 .timescale 0 0;
    .port_info 0 /INPUT 1 "clk";
    .port_info 1 /INPUT 1 "rst_n";
    .port_info 2 /INPUT 1 "mode";
    .port_info 3 /INPUT 12 "in_a";
    .port_info 4 /INPUT 12 "in_b";
    .port_info 5 /INPUT 12 "in_twiddle";
    .port_info 6 /OUTPUT 12 "out_y0";
    .port_info 7 /OUTPUT 12 "out_y1";
v0x562e6b1be670_0 .net "clk", 0 0, v0x562e6b1c2ed0_0;  alias, 1 drivers
v0x562e6b1be730_0 .var "div2_ff1", 11 0;
v0x562e6b1be7f0_0 .var "div2_ff2", 11 0;
v0x562e6b1be8e0_0 .net "in_a", 11 0, v0x562e6b1c1870_0;  alias, 1 drivers
v0x562e6b1be9d0_0 .var "in_a_ff1", 11 0;
v0x562e6b1bea90_0 .var "in_a_ff2", 11 0;
v0x562e6b1beb50_0 .net "in_b", 11 0, v0x562e6b1c2f90_0;  alias, 1 drivers
v0x562e6b1bec20_0 .net "in_twiddle", 11 0, L_0x562e6b19ba30;  alias, 1 drivers
v0x562e6b1becf0_0 .net "mode", 0 0, v0x562e6b1c31f0_0;  alias, 1 drivers
v0x562e6b1bed90_0 .net "mul_op_b", 11 0, L_0x562e6b1d5860;  1 drivers
v0x562e6b1bee80_0 .net "mul_out", 11 0, v0x562e6b1b9ba0_0;  1 drivers
v0x562e6b1bef20_0 .net "out_y0", 11 0, L_0x562e6b1d8150;  alias, 1 drivers
v0x562e6b1bf000_0 .net "out_y1", 11 0, L_0x562e6b1d8280;  alias, 1 drivers
v0x562e6b1bf0e0_0 .net "post_add_res", 11 0, L_0x562e6b1d6c90;  1 drivers
v0x562e6b1bf1a0_0 .net "post_div2_res", 11 0, L_0x562e6b1d7f70;  1 drivers
v0x562e6b1bf270_0 .net "post_sub_res", 11 0, L_0x562e6b1d7690;  1 drivers
v0x562e6b1bf340_0 .net "pre_add_res", 11 0, L_0x562e6b1d4310;  1 drivers
v0x562e6b1bf410_0 .net "pre_div2_res", 11 0, L_0x562e6b1d5680;  1 drivers
v0x562e6b1bf4e0_0 .net "pre_sub_res", 11 0, L_0x562e6b1d4da0;  1 drivers
v0x562e6b1bf5b0_0 .net "rst_n", 0 0, v0x562e6b1c3330_0;  alias, 1 drivers
L_0x562e6b1d5860 .functor MUXZ 12, v0x562e6b1c2f90_0, L_0x562e6b1d4da0, v0x562e6b1c31f0_0, C4<>;
L_0x562e6b1d8150 .functor MUXZ 12, L_0x562e6b1d6c90, v0x562e6b1be7f0_0, v0x562e6b1c31f0_0, C4<>;
L_0x562e6b1d8280 .functor MUXZ 12, L_0x562e6b1d7690, v0x562e6b1b9ba0_0, v0x562e6b1c31f0_0, C4<>;
S_0x562e6b14ae50 .scope module, "u_mul" "mod_multiplier" 4 34, 5 13 0, S_0x562e6b149fa0;
 .timescale 0 0;
    .port_info 0 /INPUT 1 "clk";
    .port_info 1 /INPUT 1 "rst_n";
    .port_info 2 /INPUT 12 "in_a";
    .port_info 3 /INPUT 12 "in_b";
    .port_info 4 /OUTPUT 12 "out_res";
P_0x562e6b19d4c0 .param/l "Q" 1 5 20, C4<0000110100000001>;
P_0x562e6b19d500 .param/l "Q_INV" 1 5 21, C4<0000110011111111>;
v0x562e6b19bc50_0 .net *"_ivl_1", 15 0, L_0x562e6b1d5950;  1 drivers
v0x562e6b1816c0_0 .net *"_ivl_10", 31 0, L_0x562e6b1d5c70;  1 drivers
L_0x7f21453c0408 .functor BUFT 1, C4<0000000000000000>, C4<0>, C4<0>, C4<0>;
v0x562e6b181790_0 .net *"_ivl_13", 15 0, L_0x7f21453c0408;  1 drivers
L_0x7f21453c0450 .functor BUFT 1, C4<00000000000000000000110100000001>, C4<0>, C4<0>, C4<0>;
v0x562e6b1992d0_0 .net/2u *"_ivl_14", 31 0, L_0x7f21453c0450;  1 drivers
v0x562e6b1993a0_0 .net *"_ivl_17", 31 0, L_0x562e6b1d5de0;  1 drivers
L_0x7f21453c0378 .functor BUFT 1, C4<0000110011111111>, C4<0>, C4<0>, C4<0>;
v0x562e6b18ec20_0 .net/2u *"_ivl_2", 15 0, L_0x7f21453c0378;  1 drivers
L_0x7f21453c0498 .functor BUFT 1, C4<0>, C4<0>, C4<0>, C4<0>;
v0x562e6b18ed20_0 .net/2u *"_ivl_22", 0 0, L_0x7f21453c0498;  1 drivers
v0x562e6b1b93e0_0 .net *"_ivl_24", 16 0, L_0x562e6b1d62a0;  1 drivers
L_0x7f21453c04e0 .functor BUFT 1, C4<00000110100000001>, C4<0>, C4<0>, C4<0>;
v0x562e6b1b94c0_0 .net/2u *"_ivl_26", 16 0, L_0x7f21453c04e0;  1 drivers
L_0x7f21453c03c0 .functor BUFT 1, C4<00000000>, C4<0>, C4<0>, C4<0>;
v0x562e6b1b95a0_0 .net/2u *"_ivl_6", 7 0, L_0x7f21453c03c0;  1 drivers
v0x562e6b1b9680_0 .net *"_ivl_8", 31 0, L_0x562e6b1d5b30;  1 drivers
v0x562e6b1b9760_0 .var "c", 23 0;
v0x562e6b1b9840_0 .net "clk", 0 0, v0x562e6b1c2ed0_0;  alias, 1 drivers
v0x562e6b1b9900_0 .net "in_a", 11 0, L_0x562e6b19ba30;  alias, 1 drivers
v0x562e6b1b99e0_0 .net "in_b", 11 0, L_0x562e6b1d5860;  alias, 1 drivers
v0x562e6b1b9ac0_0 .net "m", 15 0, L_0x562e6b1d59f0;  1 drivers
v0x562e6b1b9ba0_0 .var "out_res", 11 0;
v0x562e6b1b9c80_0 .net "rst_n", 0 0, v0x562e6b1c3330_0;  alias, 1 drivers
v0x562e6b1b9d40_0 .net "t", 31 0, L_0x562e6b1d5f20;  1 drivers
v0x562e6b1b9e20_0 .net "t_high", 15 0, L_0x562e6b1d60a0;  1 drivers
v0x562e6b1b9f00_0 .net "t_sub", 16 0, L_0x562e6b1d6430;  1 drivers
E_0x562e6b177ec0/0 .event negedge, v0x562e6b1b9c80_0;
E_0x562e6b177ec0/1 .event posedge, v0x562e6b1b9840_0;
E_0x562e6b177ec0 .event/or E_0x562e6b177ec0/0, E_0x562e6b177ec0/1;
L_0x562e6b1d5950 .part v0x562e6b1b9760_0, 0, 16;
L_0x562e6b1d59f0 .arith/mult 16, L_0x562e6b1d5950, L_0x7f21453c0378;
L_0x562e6b1d5b30 .concat [ 24 8 0 0], v0x562e6b1b9760_0, L_0x7f21453c03c0;
L_0x562e6b1d5c70 .concat [ 16 16 0 0], L_0x562e6b1d59f0, L_0x7f21453c0408;
L_0x562e6b1d5de0 .arith/mult 32, L_0x562e6b1d5c70, L_0x7f21453c0450;
L_0x562e6b1d5f20 .arith/sum 32, L_0x562e6b1d5b30, L_0x562e6b1d5de0;
L_0x562e6b1d60a0 .part L_0x562e6b1d5f20, 16, 16;
L_0x562e6b1d62a0 .concat [ 16 1 0 0], L_0x562e6b1d60a0, L_0x7f21453c0498;
L_0x562e6b1d6430 .arith/sub 17, L_0x562e6b1d62a0, L_0x7f21453c04e0;
S_0x562e6b1ba080 .scope module, "u_post" "mod_add_sub_div2" 4 61, 6 3 0, S_0x562e6b149fa0;
 .timescale 0 0;
    .port_info 0 /INPUT 12 "in_a";
    .port_info 1 /INPUT 12 "in_b";
    .port_info 2 /OUTPUT 12 "out_add";
    .port_info 3 /OUTPUT 12 "out_sub";
    .port_info 4 /OUTPUT 12 "out_div2";
P_0x562e6b1ba230 .param/l "Q" 1 6 10, C4<110100000001>;
v0x562e6b1ba2d0_0 .net *"_ivl_0", 12 0, L_0x562e6b1d6570;  1 drivers
L_0x7f21453c05b8 .functor BUFT 1, C4<0110100000001>, C4<0>, C4<0>, C4<0>;
v0x562e6b1ba3d0_0 .net/2u *"_ivl_10", 12 0, L_0x7f21453c05b8;  1 drivers
v0x562e6b1ba4b0_0 .net *"_ivl_15", 0 0, L_0x562e6b1d6a20;  1 drivers
v0x562e6b1ba570_0 .net *"_ivl_17", 11 0, L_0x562e6b1d6b10;  1 drivers
v0x562e6b1ba650_0 .net *"_ivl_19", 11 0, L_0x562e6b1d6bf0;  1 drivers
L_0x7f21453c0600 .functor BUFT 1, C4<0>, C4<0>, C4<0>, C4<0>;
v0x562e6b1ba780_0 .net/2u *"_ivl_22", 0 0, L_0x7f21453c0600;  1 drivers
v0x562e6b1ba860_0 .net *"_ivl_24", 12 0, L_0x562e6b1d6ec0;  1 drivers
L_0x7f21453c0648 .functor BUFT 1, C4<0>, C4<0>, C4<0>, C4<0>;
v0x562e6b1ba940_0 .net/2u *"_ivl_26", 0 0, L_0x7f21453c0648;  1 drivers
v0x562e6b1baa20_0 .net *"_ivl_28", 12 0, L_0x562e6b1d6fb0;  1 drivers
L_0x7f21453c0528 .functor BUFT 1, C4<0>, C4<0>, C4<0>, C4<0>;
v0x562e6b1bab00_0 .net *"_ivl_3", 0 0, L_0x7f21453c0528;  1 drivers
v0x562e6b1babe0_0 .net *"_ivl_33", 0 0, L_0x562e6b1d71a0;  1 drivers
v0x562e6b1bacc0_0 .net *"_ivl_35", 11 0, L_0x562e6b1d7300;  1 drivers
L_0x7f21453c0690 .functor BUFT 1, C4<110100000001>, C4<0>, C4<0>, C4<0>;
v0x562e6b1bada0_0 .net/2u *"_ivl_36", 11 0, L_0x7f21453c0690;  1 drivers
v0x562e6b1bae80_0 .net *"_ivl_38", 11 0, L_0x562e6b1d73a0;  1 drivers
v0x562e6b1baf60_0 .net *"_ivl_4", 12 0, L_0x562e6b1d66b0;  1 drivers
v0x562e6b1bb040_0 .net *"_ivl_41", 11 0, L_0x562e6b1d7560;  1 drivers
v0x562e6b1bb120_0 .net *"_ivl_44", 12 0, L_0x562e6b1d78b0;  1 drivers
L_0x7f21453c06d8 .functor BUFT 1, C4<0>, C4<0>, C4<0>, C4<0>;
v0x562e6b1bb200_0 .net *"_ivl_47", 0 0, L_0x7f21453c06d8;  1 drivers
L_0x7f21453c0720 .functor BUFT 1, C4<0110100000001>, C4<0>, C4<0>, C4<0>;
v0x562e6b1bb2e0_0 .net/2u *"_ivl_48", 12 0, L_0x7f21453c0720;  1 drivers
v0x562e6b1bb3c0_0 .net *"_ivl_53", 0 0, L_0x562e6b1d7b80;  1 drivers
v0x562e6b1bb4a0_0 .net *"_ivl_55", 11 0, L_0x562e6b1d7c20;  1 drivers
L_0x7f21453c0768 .functor BUFT 1, C4<0>, C4<0>, C4<0>, C4<0>;
v0x562e6b1bb580_0 .net/2u *"_ivl_56", 0 0, L_0x7f21453c0768;  1 drivers
v0x562e6b1bb660_0 .net *"_ivl_59", 10 0, L_0x562e6b1d7ae0;  1 drivers
v0x562e6b1bb740_0 .net *"_ivl_60", 11 0, L_0x562e6b1d7d70;  1 drivers
L_0x7f21453c0570 .functor BUFT 1, C4<0>, C4<0>, C4<0>, C4<0>;
v0x562e6b1bb820_0 .net *"_ivl_7", 0 0, L_0x7f21453c0570;  1 drivers
v0x562e6b1bb900_0 .net "div_odd", 12 0, L_0x562e6b1d79a0;  1 drivers
v0x562e6b1bb9e0_0 .net "in_a", 11 0, v0x562e6b1bea90_0;  1 drivers
v0x562e6b1bbac0_0 .net "in_b", 11 0, v0x562e6b1b9ba0_0;  alias, 1 drivers
v0x562e6b1bbb80_0 .net "out_add", 11 0, L_0x562e6b1d6c90;  alias, 1 drivers
v0x562e6b1bbc40_0 .net "out_div2", 11 0, L_0x562e6b1d7f70;  alias, 1 drivers
v0x562e6b1bbd20_0 .net "out_sub", 11 0, L_0x562e6b1d7690;  alias, 1 drivers
v0x562e6b1bbe00_0 .net "sub_tmp", 12 0, L_0x562e6b1d70b0;  1 drivers
v0x562e6b1bbee0_0 .net "sum_more_than_3329", 12 0, L_0x562e6b1d68e0;  1 drivers
v0x562e6b1bc1d0_0 .net "sum_tmp", 12 0, L_0x562e6b1d67a0;  1 drivers
L_0x562e6b1d6570 .concat [ 12 1 0 0], v0x562e6b1bea90_0, L_0x7f21453c0528;
L_0x562e6b1d66b0 .concat [ 12 1 0 0], v0x562e6b1b9ba0_0, L_0x7f21453c0570;
L_0x562e6b1d67a0 .arith/sum 13, L_0x562e6b1d6570, L_0x562e6b1d66b0;
L_0x562e6b1d68e0 .arith/sub 13, L_0x562e6b1d67a0, L_0x7f21453c05b8;
L_0x562e6b1d6a20 .part L_0x562e6b1d68e0, 12, 1;
L_0x562e6b1d6b10 .part L_0x562e6b1d67a0, 0, 12;
L_0x562e6b1d6bf0 .part L_0x562e6b1d68e0, 0, 12;
L_0x562e6b1d6c90 .functor MUXZ 12, L_0x562e6b1d6bf0, L_0x562e6b1d6b10, L_0x562e6b1d6a20, C4<>;
L_0x562e6b1d6ec0 .concat [ 12 1 0 0], v0x562e6b1bea90_0, L_0x7f21453c0600;
L_0x562e6b1d6fb0 .concat [ 12 1 0 0], v0x562e6b1b9ba0_0, L_0x7f21453c0648;
L_0x562e6b1d70b0 .arith/sub 13, L_0x562e6b1d6ec0, L_0x562e6b1d6fb0;
L_0x562e6b1d71a0 .part L_0x562e6b1d70b0, 12, 1;
L_0x562e6b1d7300 .part L_0x562e6b1d70b0, 0, 12;
L_0x562e6b1d73a0 .arith/sum 12, L_0x562e6b1d7300, L_0x7f21453c0690;
L_0x562e6b1d7560 .part L_0x562e6b1d70b0, 0, 12;
L_0x562e6b1d7690 .functor MUXZ 12, L_0x562e6b1d7560, L_0x562e6b1d73a0, L_0x562e6b1d71a0, C4<>;
L_0x562e6b1d78b0 .concat [ 12 1 0 0], L_0x562e6b1d6c90, L_0x7f21453c06d8;
L_0x562e6b1d79a0 .arith/sum 13, L_0x562e6b1d78b0, L_0x7f21453c0720;
L_0x562e6b1d7b80 .part L_0x562e6b1d6c90, 0, 1;
L_0x562e6b1d7c20 .part L_0x562e6b1d79a0, 1, 12;
L_0x562e6b1d7ae0 .part L_0x562e6b1d6c90, 1, 11;
L_0x562e6b1d7d70 .concat [ 11 1 0 0], L_0x562e6b1d7ae0, L_0x7f21453c0768;
L_0x562e6b1d7f70 .functor MUXZ 12, L_0x562e6b1d7d70, L_0x562e6b1d7c20, L_0x562e6b1d7b80, C4<>;
S_0x562e6b1bc350 .scope module, "u_pre" "mod_add_sub_div2" 4 24, 6 3 0, S_0x562e6b149fa0;
 .timescale 0 0;
    .port_info 0 /INPUT 12 "in_a";
    .port_info 1 /INPUT 12 "in_b";
    .port_info 2 /OUTPUT 12 "out_add";
    .port_info 3 /OUTPUT 12 "out_sub";
    .port_info 4 /OUTPUT 12 "out_div2";
P_0x562e6b1bc4e0 .param/l "Q" 1 6 10, C4<110100000001>;
v0x562e6b1bc580_0 .net *"_ivl_0", 12 0, L_0x562e6b1c3b30;  1 drivers
L_0x7f21453c0180 .functor BUFT 1, C4<0110100000001>, C4<0>, C4<0>, C4<0>;
v0x562e6b1bc680_0 .net/2u *"_ivl_10", 12 0, L_0x7f21453c0180;  1 drivers
v0x562e6b1bc760_0 .net *"_ivl_15", 0 0, L_0x562e6b1d40a0;  1 drivers
v0x562e6b1bc850_0 .net *"_ivl_17", 11 0, L_0x562e6b1d4190;  1 drivers
v0x562e6b1bc930_0 .net *"_ivl_19", 11 0, L_0x562e6b1d4270;  1 drivers
L_0x7f21453c01c8 .functor BUFT 1, C4<0>, C4<0>, C4<0>, C4<0>;
v0x562e6b1bca60_0 .net/2u *"_ivl_22", 0 0, L_0x7f21453c01c8;  1 drivers
v0x562e6b1bcb40_0 .net *"_ivl_24", 12 0, L_0x562e6b1d4540;  1 drivers
L_0x7f21453c0210 .functor BUFT 1, C4<0>, C4<0>, C4<0>, C4<0>;
v0x562e6b1bcc20_0 .net/2u *"_ivl_26", 0 0, L_0x7f21453c0210;  1 drivers
v0x562e6b1bcd00_0 .net *"_ivl_28", 12 0, L_0x562e6b1d4630;  1 drivers
L_0x7f21453c00f0 .functor BUFT 1, C4<0>, C4<0>, C4<0>, C4<0>;
v0x562e6b1bcde0_0 .net *"_ivl_3", 0 0, L_0x7f21453c00f0;  1 drivers
v0x562e6b1bcec0_0 .net *"_ivl_33", 0 0, L_0x562e6b1d4870;  1 drivers
v0x562e6b1bcfa0_0 .net *"_ivl_35", 11 0, L_0x562e6b1d49d0;  1 drivers
L_0x7f21453c0258 .functor BUFT 1, C4<110100000001>, C4<0>, C4<0>, C4<0>;
v0x562e6b1bd080_0 .net/2u *"_ivl_36", 11 0, L_0x7f21453c0258;  1 drivers
v0x562e6b1bd160_0 .net *"_ivl_38", 11 0, L_0x562e6b1d4b00;  1 drivers
v0x562e6b1bd240_0 .net *"_ivl_4", 12 0, L_0x562e6b1c3c60;  1 drivers
v0x562e6b1bd320_0 .net *"_ivl_41", 11 0, L_0x562e6b1d4c70;  1 drivers
v0x562e6b1bd400_0 .net *"_ivl_44", 12 0, L_0x562e6b1d4fc0;  1 drivers
L_0x7f21453c02a0 .functor BUFT 1, C4<0>, C4<0>, C4<0>, C4<0>;
v0x562e6b1bd4e0_0 .net *"_ivl_47", 0 0, L_0x7f21453c02a0;  1 drivers
L_0x7f21453c02e8 .functor BUFT 1, C4<0110100000001>, C4<0>, C4<0>, C4<0>;
v0x562e6b1bd5c0_0 .net/2u *"_ivl_48", 12 0, L_0x7f21453c02e8;  1 drivers
v0x562e6b1bd6a0_0 .net *"_ivl_53", 0 0, L_0x562e6b1d5290;  1 drivers
v0x562e6b1bd780_0 .net *"_ivl_55", 11 0, L_0x562e6b1d5330;  1 drivers
L_0x7f21453c0330 .functor BUFT 1, C4<0>, C4<0>, C4<0>, C4<0>;
v0x562e6b1bd860_0 .net/2u *"_ivl_56", 0 0, L_0x7f21453c0330;  1 drivers
v0x562e6b1bd940_0 .net *"_ivl_59", 10 0, L_0x562e6b1d51f0;  1 drivers
v0x562e6b1bda20_0 .net *"_ivl_60", 11 0, L_0x562e6b1d5480;  1 drivers
L_0x7f21453c0138 .functor BUFT 1, C4<0>, C4<0>, C4<0>, C4<0>;
v0x562e6b1bdb00_0 .net *"_ivl_7", 0 0, L_0x7f21453c0138;  1 drivers
v0x562e6b1bdbe0_0 .net "div_odd", 12 0, L_0x562e6b1d50b0;  1 drivers
v0x562e6b1bdcc0_0 .net "in_a", 11 0, v0x562e6b1c1870_0;  alias, 1 drivers
v0x562e6b1bdda0_0 .net "in_b", 11 0, v0x562e6b1c2f90_0;  alias, 1 drivers
v0x562e6b1bde80_0 .net "out_add", 11 0, L_0x562e6b1d4310;  alias, 1 drivers
v0x562e6b1bdf60_0 .net "out_div2", 11 0, L_0x562e6b1d5680;  alias, 1 drivers
v0x562e6b1be040_0 .net "out_sub", 11 0, L_0x562e6b1d4da0;  alias, 1 drivers
v0x562e6b1be120_0 .net "sub_tmp", 12 0, L_0x562e6b1d4780;  1 drivers
v0x562e6b1be200_0 .net "sum_more_than_3329", 12 0, L_0x562e6b1d3f30;  1 drivers
v0x562e6b1be4f0_0 .net "sum_tmp", 12 0, L_0x562e6b1c3de0;  1 drivers
L_0x562e6b1c3b30 .concat [ 12 1 0 0], v0x562e6b1c1870_0, L_0x7f21453c00f0;
L_0x562e6b1c3c60 .concat [ 12 1 0 0], v0x562e6b1c2f90_0, L_0x7f21453c0138;
L_0x562e6b1c3de0 .arith/sum 13, L_0x562e6b1c3b30, L_0x562e6b1c3c60;
L_0x562e6b1d3f30 .arith/sub 13, L_0x562e6b1c3de0, L_0x7f21453c0180;
L_0x562e6b1d40a0 .part L_0x562e6b1d3f30, 12, 1;
L_0x562e6b1d4190 .part L_0x562e6b1c3de0, 0, 12;
L_0x562e6b1d4270 .part L_0x562e6b1d3f30, 0, 12;
L_0x562e6b1d4310 .functor MUXZ 12, L_0x562e6b1d4270, L_0x562e6b1d4190, L_0x562e6b1d40a0, C4<>;
L_0x562e6b1d4540 .concat [ 12 1 0 0], v0x562e6b1c1870_0, L_0x7f21453c01c8;
L_0x562e6b1d4630 .concat [ 12 1 0 0], v0x562e6b1c2f90_0, L_0x7f21453c0210;
L_0x562e6b1d4780 .arith/sub 13, L_0x562e6b1d4540, L_0x562e6b1d4630;
L_0x562e6b1d4870 .part L_0x562e6b1d4780, 12, 1;
L_0x562e6b1d49d0 .part L_0x562e6b1d4780, 0, 12;
L_0x562e6b1d4b00 .arith/sum 12, L_0x562e6b1d49d0, L_0x7f21453c0258;
L_0x562e6b1d4c70 .part L_0x562e6b1d4780, 0, 12;
L_0x562e6b1d4da0 .functor MUXZ 12, L_0x562e6b1d4c70, L_0x562e6b1d4b00, L_0x562e6b1d4870, C4<>;
L_0x562e6b1d4fc0 .concat [ 12 1 0 0], L_0x562e6b1d4310, L_0x7f21453c02a0;
L_0x562e6b1d50b0 .arith/sum 13, L_0x562e6b1d4fc0, L_0x7f21453c02e8;
L_0x562e6b1d5290 .part L_0x562e6b1d4310, 0, 1;
L_0x562e6b1d5330 .part L_0x562e6b1d50b0, 1, 12;
L_0x562e6b1d51f0 .part L_0x562e6b1d4310, 1, 11;
L_0x562e6b1d5480 .concat [ 11 1 0 0], L_0x562e6b1d51f0, L_0x7f21453c0330;
L_0x562e6b1d5680 .functor MUXZ 12, L_0x562e6b1d5480, L_0x562e6b1d5330, L_0x562e6b1d5290, C4<>;
S_0x562e6b1bf790 .scope module, "u_fsm" "ntt_fsm_rom" 3 21, 7 9 0, S_0x562e6b19aaf0;
 .timescale 0 0;
    .port_info 0 /INPUT 1 "clk";
    .port_info 1 /INPUT 1 "rst_n";
    .port_info 2 /INPUT 1 "start";
    .port_info 3 /OUTPUT 3 "current_stage";
    .port_info 4 /OUTPUT 2 "ctrl_d";
    .port_info 5 /OUTPUT 7 "twiddle_addr";
    .port_info 6 /OUTPUT 12 "twiddle_data";
    .port_info 7 /OUTPUT 1 "done";
P_0x562e6b1bf940 .param/l "S_DONE" 1 7 21, C4<10>;
P_0x562e6b1bf980 .param/l "S_IDLE" 1 7 19, C4<00>;
P_0x562e6b1bf9c0 .param/l "S_RUN" 1 7 20, C4<01>;
L_0x562e6b19ba30 .functor BUFZ 12, L_0x562e6b1c3890, C4<000000000000>, C4<000000000000>, C4<000000000000>;
L_0x7f21453c0018 .functor BUFT 1, C4<01>, C4<0>, C4<0>, C4<0>;
v0x562e6b1bfcc0_0 .net/2u *"_ivl_0", 1 0, L_0x7f21453c0018;  1 drivers
v0x562e6b1bfdc0_0 .net *"_ivl_10", 11 0, L_0x562e6b1c3890;  1 drivers
v0x562e6b1bfea0_0 .net *"_ivl_12", 8 0, L_0x562e6b1c3960;  1 drivers
L_0x7f21453c00a8 .functor BUFT 1, C4<00>, C4<0>, C4<0>, C4<0>;
v0x562e6b1bff90_0 .net *"_ivl_15", 1 0, L_0x7f21453c00a8;  1 drivers
v0x562e6b1c0070_0 .net *"_ivl_2", 0 0, L_0x562e6b1c34c0;  1 drivers
v0x562e6b1c0180_0 .net *"_ivl_4", 6 0, L_0x562e6b1c35b0;  1 drivers
L_0x7f21453c0060 .functor BUFT 1, C4<0000000>, C4<0>, C4<0>, C4<0>;
v0x562e6b1c0260_0 .net/2u *"_ivl_6", 6 0, L_0x7f21453c0060;  1 drivers
v0x562e6b1c0340_0 .var "base_addr", 6 0;
v0x562e6b1c0420_0 .net "clk", 0 0, v0x562e6b1c2ed0_0;  alias, 1 drivers
v0x562e6b1c04c0_0 .var "ctrl_d", 1 0;
v0x562e6b1c05a0_0 .var "current_stage", 2 0;
v0x562e6b1c0680_0 .var "done", 0 0;
v0x562e6b1c0740_0 .var "group_index", 6 0;
v0x562e6b1c0820_0 .net "rst_n", 0 0, v0x562e6b1c3330_0;  alias, 1 drivers
v0x562e6b1c0910_0 .net "start", 0 0, v0x562e6b1c33d0_0;  alias, 1 drivers
v0x562e6b1c09d0_0 .var "state", 1 0;
v0x562e6b1c0ab0_0 .var "step_cnt", 6 0;
v0x562e6b1c0ca0_0 .net "twiddle_addr", 6 0, L_0x562e6b1c36b0;  alias, 1 drivers
v0x562e6b1c0d80_0 .net "twiddle_data", 11 0, L_0x562e6b19ba30;  alias, 1 drivers
v0x562e6b1c0e90 .array "twiddle_rom", 127 0, 11 0;
E_0x562e6b13a2b0 .event anyedge, v0x562e6b1c05a0_0;
E_0x562e6b19ee40 .event anyedge, v0x562e6b1c05a0_0, v0x562e6b1c0ab0_0;
L_0x562e6b1c34c0 .cmp/eq 2, v0x562e6b1c09d0_0, L_0x7f21453c0018;
L_0x562e6b1c35b0 .arith/sum 7, v0x562e6b1c0340_0, v0x562e6b1c0740_0;
L_0x562e6b1c36b0 .functor MUXZ 7, L_0x7f21453c0060, L_0x562e6b1c35b0, L_0x562e6b1c34c0, C4<>;
L_0x562e6b1c3890 .array/port v0x562e6b1c0e90, L_0x562e6b1c3960;
L_0x562e6b1c3960 .concat [ 7 2 0 0], L_0x562e6b1c36b0, L_0x7f21453c00a8;
S_0x562e6b1c10a0 .scope module, "u_reorder" "nmi_reorder" 3 45, 8 15 0, S_0x562e6b19aaf0;
 .timescale 0 0;
    .port_info 0 /INPUT 1 "clk";
    .port_info 1 /INPUT 1 "rst_n";
    .port_info 2 /INPUT 1 "en";
    .port_info 3 /INPUT 2 "ctrl_d";
    .port_info 4 /INPUT 12 "data_in";
    .port_info 5 /INPUT 12 "fb_in";
    .port_info 6 /OUTPUT 12 "data_out";
L_0x7f21453c07b0 .functor BUFT 1, C4<10>, C4<0>, C4<0>, C4<0>;
v0x562e6b1c12e0_0 .net/2u *"_ivl_0", 1 0, L_0x7f21453c07b0;  1 drivers
v0x562e6b1c13e0_0 .net *"_ivl_2", 0 0, L_0x562e6b1d8320;  1 drivers
L_0x7f21453c07f8 .functor BUFT 1, C4<01>, C4<0>, C4<0>, C4<0>;
v0x562e6b1c14a0_0 .net/2u *"_ivl_6", 1 0, L_0x7f21453c07f8;  1 drivers
v0x562e6b1c1560_0 .net *"_ivl_8", 0 0, L_0x562e6b1d8540;  1 drivers
v0x562e6b1c1620_0 .net "clk", 0 0, v0x562e6b1c2ed0_0;  alias, 1 drivers
v0x562e6b1c1710_0 .net "ctrl_d", 1 0, v0x562e6b1c04c0_0;  alias, 1 drivers
v0x562e6b1c17d0_0 .net "data_in", 11 0, L_0x562e6b1d8150;  alias, 1 drivers
v0x562e6b1c1870_0 .var "data_out", 11 0;
v0x562e6b1c1960_0 .net "en", 0 0, L_0x562e6b1d8710;  1 drivers
v0x562e6b1c1a20_0 .net "fb_in", 11 0, L_0x562e6b1d8280;  alias, 1 drivers
v0x562e6b1c1ae0_0 .net "mux0_out", 11 0, L_0x562e6b1d83c0;  1 drivers
v0x562e6b1c1ba0_0 .net "mux1_out", 11 0, L_0x562e6b1d8670;  1 drivers
v0x562e6b1c1c80_0 .var "reg_1d_a", 11 0;
v0x562e6b1c1d60_0 .var "reg_1d_b", 11 0;
v0x562e6b1c1e40_0 .var "reg_2d_a", 11 0;
v0x562e6b1c1f20_0 .var "reg_2d_b", 11 0;
v0x562e6b1c2000_0 .net "rst_n", 0 0, v0x562e6b1c3330_0;  alias, 1 drivers
E_0x562e6b1c1270 .event anyedge, v0x562e6b1c04c0_0, v0x562e6b1c1f20_0, v0x562e6b1c1d60_0, v0x562e6b1c1c80_0;
L_0x562e6b1d8320 .cmp/eq 2, v0x562e6b1c04c0_0, L_0x7f21453c07b0;
L_0x562e6b1d83c0 .functor MUXZ 12, v0x562e6b1c1c80_0, L_0x562e6b1d8280, L_0x562e6b1d8320, C4<>;
L_0x562e6b1d8540 .cmp/eq 2, v0x562e6b1c04c0_0, L_0x7f21453c07f8;
L_0x562e6b1d8670 .functor MUXZ 12, v0x562e6b1c1d60_0, L_0x562e6b1d8280, L_0x562e6b1d8540, C4<>;
    .scope S_0x562e6b1bf790;
T_0 ;
    %vpi_call 7 29 "$readmemh", "rtl/twiddle_factors.hex", v0x562e6b1c0e90 {0 0 0};
    %end;
    .thread T_0;
    .scope S_0x562e6b1bf790;
T_1 ;
    %wait E_0x562e6b19ee40;
    %load/vec4 v0x562e6b1c05a0_0;
    %dup/vec4;
    %pushi/vec4 1, 0, 3;
    %cmp/u;
    %jmp/1 T_1.0, 6;
    %dup/vec4;
    %pushi/vec4 2, 0, 3;
    %cmp/u;
    %jmp/1 T_1.1, 6;
    %dup/vec4;
    %pushi/vec4 3, 0, 3;
    %cmp/u;
    %jmp/1 T_1.2, 6;
    %dup/vec4;
    %pushi/vec4 4, 0, 3;
    %cmp/u;
    %jmp/1 T_1.3, 6;
    %dup/vec4;
    %pushi/vec4 5, 0, 3;
    %cmp/u;
    %jmp/1 T_1.4, 6;
    %dup/vec4;
    %pushi/vec4 6, 0, 3;
    %cmp/u;
    %jmp/1 T_1.5, 6;
    %dup/vec4;
    %pushi/vec4 7, 0, 3;
    %cmp/u;
    %jmp/1 T_1.6, 6;
    %pushi/vec4 0, 0, 7;
    %store/vec4 v0x562e6b1c0340_0, 0, 7;
    %pushi/vec4 0, 0, 7;
    %store/vec4 v0x562e6b1c0740_0, 0, 7;
    %jmp T_1.8;
T_1.0 ;
    %pushi/vec4 1, 0, 7;
    %store/vec4 v0x562e6b1c0340_0, 0, 7;
    %pushi/vec4 0, 0, 7;
    %store/vec4 v0x562e6b1c0740_0, 0, 7;
    %jmp T_1.8;
T_1.1 ;
    %pushi/vec4 2, 0, 7;
    %store/vec4 v0x562e6b1c0340_0, 0, 7;
    %pushi/vec4 0, 0, 6;
    %load/vec4 v0x562e6b1c0ab0_0;
    %parti/s 1, 6, 4;
    %concat/vec4; draw_concat_vec4
    %store/vec4 v0x562e6b1c0740_0, 0, 7;
    %jmp T_1.8;
T_1.2 ;
    %pushi/vec4 4, 0, 7;
    %store/vec4 v0x562e6b1c0340_0, 0, 7;
    %pushi/vec4 0, 0, 5;
    %load/vec4 v0x562e6b1c0ab0_0;
    %parti/s 2, 5, 4;
    %concat/vec4; draw_concat_vec4
    %store/vec4 v0x562e6b1c0740_0, 0, 7;
    %jmp T_1.8;
T_1.3 ;
    %pushi/vec4 8, 0, 7;
    %store/vec4 v0x562e6b1c0340_0, 0, 7;
    %pushi/vec4 0, 0, 4;
    %load/vec4 v0x562e6b1c0ab0_0;
    %parti/s 3, 4, 4;
    %concat/vec4; draw_concat_vec4
    %store/vec4 v0x562e6b1c0740_0, 0, 7;
    %jmp T_1.8;
T_1.4 ;
    %pushi/vec4 16, 0, 7;
    %store/vec4 v0x562e6b1c0340_0, 0, 7;
    %pushi/vec4 0, 0, 3;
    %load/vec4 v0x562e6b1c0ab0_0;
    %parti/s 4, 3, 3;
    %concat/vec4; draw_concat_vec4
    %store/vec4 v0x562e6b1c0740_0, 0, 7;
    %jmp T_1.8;
T_1.5 ;
    %pushi/vec4 32, 0, 7;
    %store/vec4 v0x562e6b1c0340_0, 0, 7;
    %pushi/vec4 0, 0, 2;
    %load/vec4 v0x562e6b1c0ab0_0;
    %parti/s 5, 2, 3;
    %concat/vec4; draw_concat_vec4
    %store/vec4 v0x562e6b1c0740_0, 0, 7;
    %jmp T_1.8;
T_1.6 ;
    %pushi/vec4 64, 0, 7;
    %store/vec4 v0x562e6b1c0340_0, 0, 7;
    %pushi/vec4 0, 0, 1;
    %load/vec4 v0x562e6b1c0ab0_0;
    %parti/s 6, 1, 2;
    %concat/vec4; draw_concat_vec4
    %store/vec4 v0x562e6b1c0740_0, 0, 7;
    %jmp T_1.8;
T_1.8 ;
    %pop/vec4 1;
    %jmp T_1;
    .thread T_1, $push;
    .scope S_0x562e6b1bf790;
T_2 ;
    %wait E_0x562e6b177ec0;
    %load/vec4 v0x562e6b1c0820_0;
    %nor/r;
    %flag_set/vec4 8;
    %jmp/0xz  T_2.0, 8;
    %pushi/vec4 0, 0, 2;
    %assign/vec4 v0x562e6b1c09d0_0, 0;
    %pushi/vec4 0, 0, 7;
    %assign/vec4 v0x562e6b1c0ab0_0, 0;
    %pushi/vec4 1, 0, 3;
    %assign/vec4 v0x562e6b1c05a0_0, 0;
    %pushi/vec4 0, 0, 1;
    %assign/vec4 v0x562e6b1c0680_0, 0;
    %jmp T_2.1;
T_2.0 ;
    %load/vec4 v0x562e6b1c09d0_0;
    %dup/vec4;
    %pushi/vec4 0, 0, 2;
    %cmp/u;
    %jmp/1 T_2.2, 6;
    %dup/vec4;
    %pushi/vec4 1, 0, 2;
    %cmp/u;
    %jmp/1 T_2.3, 6;
    %dup/vec4;
    %pushi/vec4 2, 0, 2;
    %cmp/u;
    %jmp/1 T_2.4, 6;
    %pushi/vec4 0, 0, 2;
    %assign/vec4 v0x562e6b1c09d0_0, 0;
    %jmp T_2.6;
T_2.2 ;
    %pushi/vec4 0, 0, 1;
    %assign/vec4 v0x562e6b1c0680_0, 0;
    %pushi/vec4 0, 0, 7;
    %assign/vec4 v0x562e6b1c0ab0_0, 0;
    %pushi/vec4 1, 0, 3;
    %assign/vec4 v0x562e6b1c05a0_0, 0;
    %load/vec4 v0x562e6b1c0910_0;
    %flag_set/vec4 8;
    %jmp/0xz  T_2.7, 8;
    %pushi/vec4 1, 0, 2;
    %assign/vec4 v0x562e6b1c09d0_0, 0;
T_2.7 ;
    %jmp T_2.6;
T_2.3 ;
    %load/vec4 v0x562e6b1c0ab0_0;
    %cmpi/e 127, 0, 7;
    %jmp/0xz  T_2.9, 4;
    %pushi/vec4 0, 0, 7;
    %assign/vec4 v0x562e6b1c0ab0_0, 0;
    %load/vec4 v0x562e6b1c05a0_0;
    %cmpi/e 7, 0, 3;
    %jmp/0xz  T_2.11, 4;
    %pushi/vec4 2, 0, 2;
    %assign/vec4 v0x562e6b1c09d0_0, 0;
    %pushi/vec4 1, 0, 1;
    %assign/vec4 v0x562e6b1c0680_0, 0;
    %jmp T_2.12;
T_2.11 ;
    %load/vec4 v0x562e6b1c05a0_0;
    %addi 1, 0, 3;
    %assign/vec4 v0x562e6b1c05a0_0, 0;
T_2.12 ;
    %jmp T_2.10;
T_2.9 ;
    %load/vec4 v0x562e6b1c0ab0_0;
    %addi 1, 0, 7;
    %assign/vec4 v0x562e6b1c0ab0_0, 0;
T_2.10 ;
    %jmp T_2.6;
T_2.4 ;
    %pushi/vec4 1, 0, 1;
    %assign/vec4 v0x562e6b1c0680_0, 0;
    %pushi/vec4 0, 0, 2;
    %assign/vec4 v0x562e6b1c09d0_0, 0;
    %jmp T_2.6;
T_2.6 ;
    %pop/vec4 1;
T_2.1 ;
    %jmp T_2;
    .thread T_2;
    .scope S_0x562e6b1bf790;
T_3 ;
    %wait E_0x562e6b13a2b0;
    %load/vec4 v0x562e6b1c05a0_0;
    %dup/vec4;
    %pushi/vec4 1, 0, 3;
    %cmp/u;
    %jmp/1 T_3.0, 6;
    %dup/vec4;
    %pushi/vec4 2, 0, 3;
    %cmp/u;
    %jmp/1 T_3.1, 6;
    %pushi/vec4 2, 0, 2;
    %store/vec4 v0x562e6b1c04c0_0, 0, 2;
    %jmp T_3.3;
T_3.0 ;
    %pushi/vec4 0, 0, 2;
    %store/vec4 v0x562e6b1c04c0_0, 0, 2;
    %jmp T_3.3;
T_3.1 ;
    %pushi/vec4 1, 0, 2;
    %store/vec4 v0x562e6b1c04c0_0, 0, 2;
    %jmp T_3.3;
T_3.3 ;
    %pop/vec4 1;
    %jmp T_3;
    .thread T_3, $push;
    .scope S_0x562e6b14ae50;
T_4 ;
    %wait E_0x562e6b177ec0;
    %load/vec4 v0x562e6b1b9c80_0;
    %nor/r;
    %flag_set/vec4 8;
    %jmp/0xz  T_4.0, 8;
    %pushi/vec4 0, 0, 24;
    %assign/vec4 v0x562e6b1b9760_0, 0;
    %jmp T_4.1;
T_4.0 ;
    %load/vec4 v0x562e6b1b9900_0;
    %pad/u 24;
    %load/vec4 v0x562e6b1b99e0_0;
    %pad/u 24;
    %mul;
    %assign/vec4 v0x562e6b1b9760_0, 0;
T_4.1 ;
    %jmp T_4;
    .thread T_4;
    .scope S_0x562e6b14ae50;
T_5 ;
    %wait E_0x562e6b177ec0;
    %load/vec4 v0x562e6b1b9c80_0;
    %nor/r;
    %flag_set/vec4 8;
    %jmp/0xz  T_5.0, 8;
    %pushi/vec4 0, 0, 12;
    %assign/vec4 v0x562e6b1b9ba0_0, 0;
    %jmp T_5.1;
T_5.0 ;
    %load/vec4 v0x562e6b1b9f00_0;
    %parti/s 1, 16, 6;
    %flag_set/vec4 8;
    %jmp/0 T_5.2, 8;
    %load/vec4 v0x562e6b1b9e20_0;
    %parti/s 12, 0, 2;
    %jmp/1 T_5.3, 8;
T_5.2 ; End of true expr.
    %load/vec4 v0x562e6b1b9f00_0;
    %parti/s 12, 0, 2;
    %jmp/0 T_5.3, 8;
 ; End of false expr.
    %blend;
T_5.3;
    %assign/vec4 v0x562e6b1b9ba0_0, 0;
T_5.1 ;
    %jmp T_5;
    .thread T_5;
    .scope S_0x562e6b149fa0;
T_6 ;
    %wait E_0x562e6b177ec0;
    %load/vec4 v0x562e6b1bf5b0_0;
    %nor/r;
    %flag_set/vec4 8;
    %jmp/0xz  T_6.0, 8;
    %pushi/vec4 0, 0, 12;
    %assign/vec4 v0x562e6b1be9d0_0, 0;
    %pushi/vec4 0, 0, 12;
    %assign/vec4 v0x562e6b1bea90_0, 0;
    %pushi/vec4 0, 0, 12;
    %assign/vec4 v0x562e6b1be730_0, 0;
    %pushi/vec4 0, 0, 12;
    %assign/vec4 v0x562e6b1be7f0_0, 0;
    %jmp T_6.1;
T_6.0 ;
    %load/vec4 v0x562e6b1be8e0_0;
    %assign/vec4 v0x562e6b1be9d0_0, 0;
    %load/vec4 v0x562e6b1be9d0_0;
    %assign/vec4 v0x562e6b1bea90_0, 0;
    %load/vec4 v0x562e6b1bf410_0;
    %assign/vec4 v0x562e6b1be730_0, 0;
    %load/vec4 v0x562e6b1be730_0;
    %assign/vec4 v0x562e6b1be7f0_0, 0;
T_6.1 ;
    %jmp T_6;
    .thread T_6;
    .scope S_0x562e6b1c10a0;
T_7 ;
    %wait E_0x562e6b177ec0;
    %load/vec4 v0x562e6b1c2000_0;
    %nor/r;
    %flag_set/vec4 8;
    %jmp/0xz  T_7.0, 8;
    %pushi/vec4 0, 0, 12;
    %assign/vec4 v0x562e6b1c1c80_0, 0;
    %pushi/vec4 0, 0, 12;
    %assign/vec4 v0x562e6b1c1d60_0, 0;
    %pushi/vec4 0, 0, 12;
    %assign/vec4 v0x562e6b1c1e40_0, 0;
    %pushi/vec4 0, 0, 12;
    %assign/vec4 v0x562e6b1c1f20_0, 0;
    %jmp T_7.1;
T_7.0 ;
    %load/vec4 v0x562e6b1c1960_0;
    %flag_set/vec4 8;
    %jmp/0xz  T_7.2, 8;
    %load/vec4 v0x562e6b1c17d0_0;
    %assign/vec4 v0x562e6b1c1c80_0, 0;
    %load/vec4 v0x562e6b1c1ae0_0;
    %assign/vec4 v0x562e6b1c1d60_0, 0;
    %load/vec4 v0x562e6b1c1ba0_0;
    %assign/vec4 v0x562e6b1c1e40_0, 0;
    %load/vec4 v0x562e6b1c1e40_0;
    %assign/vec4 v0x562e6b1c1f20_0, 0;
T_7.2 ;
T_7.1 ;
    %jmp T_7;
    .thread T_7;
    .scope S_0x562e6b1c10a0;
T_8 ;
    %wait E_0x562e6b1c1270;
    %load/vec4 v0x562e6b1c1710_0;
    %dup/vec4;
    %pushi/vec4 0, 0, 2;
    %cmp/u;
    %jmp/1 T_8.0, 6;
    %dup/vec4;
    %pushi/vec4 1, 0, 2;
    %cmp/u;
    %jmp/1 T_8.1, 6;
    %dup/vec4;
    %pushi/vec4 2, 0, 2;
    %cmp/u;
    %jmp/1 T_8.2, 6;
    %load/vec4 v0x562e6b1c1f20_0;
    %store/vec4 v0x562e6b1c1870_0, 0, 12;
    %jmp T_8.4;
T_8.0 ;
    %load/vec4 v0x562e6b1c1f20_0;
    %store/vec4 v0x562e6b1c1870_0, 0, 12;
    %jmp T_8.4;
T_8.1 ;
    %load/vec4 v0x562e6b1c1d60_0;
    %store/vec4 v0x562e6b1c1870_0, 0, 12;
    %jmp T_8.4;
T_8.2 ;
    %load/vec4 v0x562e6b1c1c80_0;
    %store/vec4 v0x562e6b1c1870_0, 0, 12;
    %jmp T_8.4;
T_8.4 ;
    %pop/vec4 1;
    %jmp T_8;
    .thread T_8, $push;
    .scope S_0x562e6b19e010;
T_9 ;
    %pushi/vec4 0, 0, 1;
    %store/vec4 v0x562e6b1c2ed0_0, 0, 1;
    %pushi/vec4 0, 0, 1;
    %store/vec4 v0x562e6b1c3330_0, 0, 1;
    %pushi/vec4 0, 0, 1;
    %store/vec4 v0x562e6b1c33d0_0, 0, 1;
    %pushi/vec4 0, 0, 1;
    %store/vec4 v0x562e6b1c31f0_0, 0, 1;
    %pushi/vec4 1, 0, 12;
    %store/vec4 v0x562e6b1c2f90_0, 0, 12;
    %end;
    .thread T_9;
    .scope S_0x562e6b19e010;
T_10 ;
    %delay 5000, 0;
    %load/vec4 v0x562e6b1c2ed0_0;
    %inv;
    %store/vec4 v0x562e6b1c2ed0_0, 0, 1;
    %jmp T_10;
    .thread T_10;
    .scope S_0x562e6b19e010;
T_11 ;
    %wait E_0x562e6b179530;
    %load/vec4 v0x562e6b1c3330_0;
    %flag_set/vec4 9;
    %flag_get/vec4 9;
    %jmp/0 T_11.2, 9;
    %load/vec4 v0x562e6b1c3150_0;
    %nor/r;
    %and;
T_11.2;
    %flag_set/vec4 8;
    %jmp/0xz  T_11.0, 8;
    %load/vec4 v0x562e6b1c2f90_0;
    %addi 1, 0, 12;
    %assign/vec4 v0x562e6b1c2f90_0, 0;
T_11.0 ;
    %jmp T_11;
    .thread T_11;
    .scope S_0x562e6b19e010;
T_12 ;
    %vpi_call 2 31 "$dumpfile", "waveform.vcd" {0 0 0};
    %vpi_call 2 32 "$dumpvars", 32'sb00000000000000000000000000000000, S_0x562e6b19e010 {0 0 0};
    %delay 20000, 0;
    %pushi/vec4 1, 0, 1;
    %store/vec4 v0x562e6b1c3330_0, 0, 1;
    %delay 20000, 0;
    %pushi/vec4 1, 0, 1;
    %store/vec4 v0x562e6b1c33d0_0, 0, 1;
    %delay 10000, 0;
    %pushi/vec4 0, 0, 1;
    %store/vec4 v0x562e6b1c33d0_0, 0, 1;
T_12.0 ;
    %load/vec4 v0x562e6b1c3150_0;
    %cmpi/ne 1, 0, 1;
    %jmp/0xz T_12.1, 6;
    %wait E_0x562e6b1771d0;
    %jmp T_12.0;
T_12.1 ;
    %delay 20000, 0;
    %vpi_call 2 43 "$display", "NTT smoke test complete. data_out=%0d", v0x562e6b1c3050_0 {0 0 0};
    %vpi_call 2 44 "$finish" {0 0 0};
    %end;
    .thread T_12;
    .scope S_0x562e6b19e010;
T_13 ;
    %delay 20000000, 0;
    %vpi_call 2 49 "$display", "TIMEOUT" {0 0 0};
    %vpi_call 2 50 "$finish" {0 0 0};
    %end;
    .thread T_13;
# The file index is used to find the file name in the following table.
:file_names 9;
    "N/A";
    "<interactive>";
    "tb/tb_ntt_top.v";
    "rtl/ntt_top.v";
    "rtl/single_butterfly.v";
    "rtl/mod_multiplier.v";
    "rtl/mod_add_sub_div2.v";
    "rtl/ntt_fsm_rom.v";
    "rtl/nmi_reorder.v";
